2025-06-19 16:11:02,686 - INFO - [MainThread] - Initializing migrator...
2025-06-19 16:11:02,686 - INFO - [MainThread] - Neo4j Driver established.
2025-06-19 16:11:02,686 - WARNING - [MainThread] - Clearing all data from the 'sicpama' Neo4j database...
2025-06-19 16:11:06,312 - INFO - [MainThread] - Neo4j 'sicpama' database cleared.
2025-06-19 16:11:06,312 - INFO - [MainThread] - Creating uniqueness constraints in 'sicpama' database...
2025-06-19 16:11:08,778 - INFO - [MainThread] - All constraints created successfully.
2025-06-19 16:11:08,779 - INFO - [MainThread] - --- Starting Node Migration in Parallel ---
2025-06-19 16:11:08,789 - INFO - [ThreadPoolExecutor-0_1] - Starting migration for table 'customers'...
2025-06-19 16:11:08,789 - INFO - [ThreadPoolExecutor-0_3] - Starting migration for table 'order_items'...
2025-06-19 16:11:08,790 - INFO - [ThreadPoolExecutor-0_2] - Starting migration for table 'orders'...
2025-06-19 16:11:08,790 - INFO - [ThreadPoolExecutor-0_4] - Starting migration for table 'payments'...
2025-06-19 16:11:08,811 - INFO - [ThreadPoolExecutor-0_0] - Starting migration for table 'stores'...
2025-06-19 16:11:09,370 - INFO - [ThreadPoolExecutor-0_0] - Finished migration for 'stores'. Migrated a total of 84 nodes.
2025-06-19 16:11:09,374 - INFO - [MainThread] - SUCCESS: Completed stores
2025-06-19 16:11:09,392 - INFO - [ThreadPoolExecutor-0_0] - Starting migration for table 'refunds'...
2025-06-19 16:11:10,011 - INFO - [ThreadPoolExecutor-0_0] - Finished migration for 'refunds'. Migrated a total of 943 nodes.
2025-06-19 16:11:10,013 - INFO - [MainThread] - SUCCESS: Completed refunds
2025-06-19 16:11:10,024 - INFO - [ThreadPoolExecutor-0_0] - Starting migration for table 'refund_items'...
2025-06-19 16:11:10,507 - INFO - [ThreadPoolExecutor-0_0] - Finished migration for 'refund_items'. Migrated a total of 1137 nodes.
2025-06-19 16:11:10,511 - INFO - [MainThread] - SUCCESS: Completed refund_items
2025-06-19 16:11:10,521 - INFO - [ThreadPoolExecutor-0_0] - Starting migration for table 'categories'...
2025-06-19 16:11:10,763 - INFO - [ThreadPoolExecutor-0_0] - Finished migration for 'categories'. Migrated a total of 397 nodes.
2025-06-19 16:11:10,773 - INFO - [MainThread] - SUCCESS: Completed categories
2025-06-19 16:11:10,783 - INFO - [ThreadPoolExecutor-0_0] - Starting migration for table 'menus'...
2025-06-19 16:11:12,724 - INFO - [ThreadPoolExecutor-0_0] - Finished migration for 'menus'. Migrated a total of 2520 nodes.
2025-06-19 16:11:12,960 - INFO - [MainThread] - SUCCESS: Completed menus
2025-06-19 16:11:13,194 - INFO - [ThreadPoolExecutor-0_0] - Starting migration for table 'menu_options'...
2025-06-19 16:11:16,940 - INFO - [ThreadPoolExecutor-0_0] - Finished migration for 'menu_options'. Migrated a total of 389 nodes.
2025-06-19 16:11:17,047 - INFO - [MainThread] - SUCCESS: Completed menu_options
2025-06-19 16:11:17,541 - INFO - [ThreadPoolExecutor-0_0] - Starting migration for table 'menu_option_choices'...
2025-06-19 16:11:22,030 - INFO - [ThreadPoolExecutor-0_0] - Finished migration for 'menu_option_choices'. Migrated a total of 881 nodes.
2025-06-19 16:11:22,037 - INFO - [MainThread] - SUCCESS: Completed menu_option_choices
2025-06-19 16:11:22,098 - INFO - [ThreadPoolExecutor-0_0] - Starting migration for table 'coupons'...
2025-06-19 16:11:22,389 - INFO - [ThreadPoolExecutor-0_0] - Finished migration for 'coupons'. Migrated a total of 121 nodes.
2025-06-19 16:11:22,390 - INFO - [MainThread] - SUCCESS: Completed coupons
2025-06-19 16:11:22,404 - INFO - [ThreadPoolExecutor-0_0] - Starting migration for table 'coupon_usages'...
2025-06-19 16:11:28,536 - INFO - [ThreadPoolExecutor-0_0] - Finished migration for 'coupon_usages'. Migrated a total of 8486 nodes.
2025-06-19 16:11:28,543 - INFO - [MainThread] - SUCCESS: Completed coupon_usages
2025-06-19 16:11:28,552 - INFO - [ThreadPoolExecutor-0_0] - Starting migration for table 'store_tables'...
2025-06-19 16:11:41,796 - INFO - [ThreadPoolExecutor-0_4] - Finished migration for 'payments'. Migrated a total of 33614 nodes.
2025-06-19 16:11:41,919 - INFO - [MainThread] - SUCCESS: Completed payments
2025-06-19 16:11:42,202 - INFO - [ThreadPoolExecutor-0_4] - Starting migration for table 'store_attributes'...
2025-06-19 16:11:44,999 - INFO - [ThreadPoolExecutor-0_4] - Finished migration for 'store_attributes'. Migrated a total of 1453 nodes.
2025-06-19 16:11:45,000 - INFO - [MainThread] - SUCCESS: Completed store_attributes
2025-06-19 16:11:45,006 - INFO - [ThreadPoolExecutor-0_4] - Starting migration for table 'food_courts'...
2025-06-19 16:11:45,102 - INFO - [ThreadPoolExecutor-0_4] - Finished migration for 'food_courts'. Migrated a total of 54 nodes.
2025-06-19 16:11:45,108 - INFO - [MainThread] - SUCCESS: Completed food_courts
2025-06-19 16:11:45,116 - INFO - [ThreadPoolExecutor-0_4] - Starting migration for table 'inventory_items'...
2025-06-19 16:11:45,710 - INFO - [ThreadPoolExecutor-0_4] - Finished migration for 'inventory_items'. Migrated a total of 57 nodes.
2025-06-19 16:11:45,756 - INFO - [MainThread] - SUCCESS: Completed inventory_items
2025-06-19 16:11:46,099 - INFO - [ThreadPoolExecutor-0_4] - Starting migration for table 'inventory_transactions'...
2025-06-19 16:11:46,444 - INFO - [ThreadPoolExecutor-0_4] - Finished migration for 'inventory_transactions'. Migrated a total of 186 nodes.
2025-06-19 16:11:46,452 - INFO - [MainThread] - SUCCESS: Completed inventory_transactions
2025-06-19 16:11:46,461 - INFO - [ThreadPoolExecutor-0_4] - Starting migration for table 'countries'...
2025-06-19 16:11:46,752 - INFO - [ThreadPoolExecutor-0_4] - Finished migration for 'countries'. Migrated a total of 244 nodes.
2025-06-19 16:11:46,761 - INFO - [MainThread] - SUCCESS: Completed countries
2025-06-19 16:11:46,770 - INFO - [ThreadPoolExecutor-0_4] - Starting migration for table 'locales'...
2025-06-19 16:11:47,021 - INFO - [ThreadPoolExecutor-0_4] - Finished migration for 'locales'. Migrated a total of 183 nodes.
2025-06-19 16:11:47,052 - INFO - [MainThread] - SUCCESS: Completed locales
2025-06-19 16:11:47,191 - INFO - [ThreadPoolExecutor-0_4] - Starting migration for table 'grouped_texts'...
2025-06-19 16:11:48,338 - INFO - [ThreadPoolExecutor-0_4] - Finished migration for 'grouped_texts'. Migrated a total of 958 nodes.
2025-06-19 16:11:48,341 - INFO - [MainThread] - SUCCESS: Completed grouped_texts
2025-06-19 16:11:48,358 - INFO - [ThreadPoolExecutor-0_4] - Starting migration for table 'translated_texts'...
2025-06-19 16:11:51,131 - INFO - [ThreadPoolExecutor-0_4] - Finished migration for 'translated_texts'. Migrated a total of 1917 nodes.
2025-06-19 16:11:51,135 - INFO - [MainThread] - SUCCESS: Completed translated_texts
2025-06-19 16:11:51,143 - INFO - [ThreadPoolExecutor-0_4] - Starting migration for table 'payment_option_enums'...
2025-06-19 16:11:51,247 - INFO - [ThreadPoolExecutor-0_4] - Finished migration for 'payment_option_enums'. Migrated a total of 5 nodes.
2025-06-19 16:11:51,249 - INFO - [MainThread] - SUCCESS: Completed payment_option_enums
2025-06-19 16:11:51,255 - INFO - [ThreadPoolExecutor-0_4] - Starting migration for table 'store_meta_adverts'...
2025-06-19 16:11:51,533 - INFO - [ThreadPoolExecutor-0_4] - Finished migration for 'store_meta_adverts'. Migrated a total of 1 nodes.
2025-06-19 16:11:51,536 - INFO - [MainThread] - SUCCESS: Completed store_meta_adverts
2025-06-19 16:11:51,544 - INFO - [ThreadPoolExecutor-0_4] - Starting migration for table 'store_meta_advert_insights'...
2025-06-19 16:11:51,643 - INFO - [ThreadPoolExecutor-0_4] - Finished migration for 'store_meta_advert_insights'. Migrated a total of 53 nodes.
2025-06-19 16:11:51,647 - INFO - [MainThread] - SUCCESS: Completed store_meta_advert_insights
2025-06-19 16:11:51,657 - INFO - [ThreadPoolExecutor-0_4] - Starting migration for table 'menu_option_to_menus'...
2025-06-19 16:11:51,964 - INFO - [ThreadPoolExecutor-0_4] - Finished migration for 'menu_option_to_menus'. Migrated a total of 964 nodes.
2025-06-19 16:11:51,969 - INFO - [MainThread] - SUCCESS: Completed menu_option_to_menus
2025-06-19 16:11:51,975 - INFO - [ThreadPoolExecutor-0_4] - Starting migration for table 'menu_option_choice_to_menu_options'...
2025-06-19 16:11:52,245 - INFO - [ThreadPoolExecutor-0_4] - Finished migration for 'menu_option_choice_to_menu_options'. Migrated a total of 1148 nodes.
2025-06-19 16:11:52,251 - INFO - [MainThread] - SUCCESS: Completed menu_option_choice_to_menu_options
2025-06-19 16:11:52,264 - INFO - [ThreadPoolExecutor-0_4] - Starting migration for table 'menu_to_inventory_items'...
2025-06-19 16:11:52,333 - INFO - [ThreadPoolExecutor-0_4] - Finished migration for 'menu_to_inventory_items'. Migrated a total of 58 nodes.
2025-06-19 16:11:52,339 - INFO - [MainThread] - SUCCESS: Completed menu_to_inventory_items
2025-06-19 16:11:59,197 - INFO - [ThreadPoolExecutor-0_0] - Finished migration for 'store_tables'. Migrated a total of 31279 nodes.
2025-06-19 16:11:59,201 - INFO - [MainThread] - SUCCESS: Completed store_tables
2025-06-19 16:12:01,109 - INFO - [ThreadPoolExecutor-0_1] - Finished migration for 'customers'. Migrated a total of 66486 nodes.
2025-06-19 16:12:01,114 - INFO - [MainThread] - SUCCESS: Completed customers
2025-06-19 16:12:22,249 - INFO - [ThreadPoolExecutor-0_3] - Finished migration for 'order_items'. Migrated a total of 67158 nodes.
2025-06-19 16:12:22,355 - INFO - [MainThread] - SUCCESS: Completed order_items
2025-06-19 16:12:38,114 - INFO - [ThreadPoolExecutor-0_2] - Finished migration for 'orders'. Migrated a total of 116521 nodes.
2025-06-19 16:12:38,115 - INFO - [MainThread] - SUCCESS: Completed orders
2025-06-19 16:12:38,116 - INFO - [MainThread] - --- All Node Migrations Complete. Starting NATIVE Relationship Migration ---
2025-06-19 16:12:38,117 - INFO - [MainThread] - Starting native relationship build for ':ORDER_PLACED_BY_CUSTOMER' using APOC...
2025-06-19 16:12:42,495 - INFO - [MainThread] - APOC job for ':ORDER_PLACED_BY_CUSTOMER' completed. Details: [{'batches': 12, 'total': 116521, 'timeTaken': 3, 'committedOperations': 116521, 'failedOperations': 0, 'failedBatches': 0, 'retries': 0, 'errorMessages': {}, 'batch': {'total': 12, 'errors': {}, 'committed': 12, 'failed': 0}, 'operations': {'total': 116521, 'errors': {}, 'committed': 116521, 'failed': 0}, 'wasTerminated': False, 'failedParams': {}, 'updateStatistics': {'relationshipsDeleted': 0, 'relationshipsCreated': 115269, 'nodesDeleted': 0, 'nodesCreated': 0, 'labelsRemoved': 0, 'labelsAdded': 0, 'propertiesSet': 0}}]
2025-06-19 16:12:42,496 - INFO - [MainThread] - Starting native relationship build for ':ORDER_AT_STORE' using APOC...
2025-06-19 16:12:44,377 - INFO - [MainThread] - APOC job for ':ORDER_AT_STORE' completed. Details: [{'batches': 12, 'total': 116521, 'timeTaken': 1, 'committedOperations': 116521, 'failedOperations': 0, 'failedBatches': 0, 'retries': 0, 'errorMessages': {}, 'batch': {'total': 12, 'errors': {}, 'committed': 12, 'failed': 0}, 'operations': {'total': 116521, 'errors': {}, 'committed': 116521, 'failed': 0}, 'wasTerminated': False, 'failedParams': {}, 'updateStatistics': {'relationshipsDeleted': 0, 'relationshipsCreated': 116521, 'nodesDeleted': 0, 'nodesCreated': 0, 'labelsRemoved': 0, 'labelsAdded': 0, 'propertiesSet': 0}}]
2025-06-19 16:12:44,378 - INFO - [MainThread] - Starting native relationship build for ':ORDER_AT_TABLE' using APOC...
2025-06-19 16:12:46,146 - INFO - [MainThread] - APOC job for ':ORDER_AT_TABLE' completed. Details: [{'batches': 12, 'total': 116521, 'timeTaken': 1, 'committedOperations': 116521, 'failedOperations': 0, 'failedBatches': 0, 'retries': 0, 'errorMessages': {}, 'batch': {'total': 12, 'errors': {}, 'committed': 12, 'failed': 0}, 'operations': {'total': 116521, 'errors': {}, 'committed': 116521, 'failed': 0}, 'wasTerminated': False, 'failedParams': {}, 'updateStatistics': {'relationshipsDeleted': 0, 'relationshipsCreated': 116501, 'nodesDeleted': 0, 'nodesCreated': 0, 'labelsRemoved': 0, 'labelsAdded': 0, 'propertiesSet': 0}}]
2025-06-19 16:12:46,147 - INFO - [MainThread] - Starting native relationship build for ':ORDER_HAS_PAYMENT' using APOC...
2025-06-19 16:12:46,972 - INFO - [MainThread] - APOC job for ':ORDER_HAS_PAYMENT' completed. Details: [{'batches': 4, 'total': 37748, 'timeTaken': 0, 'committedOperations': 37748, 'failedOperations': 0, 'failedBatches': 0, 'retries': 0, 'errorMessages': {}, 'batch': {'total': 4, 'errors': {}, 'committed': 4, 'failed': 0}, 'operations': {'total': 37748, 'errors': {}, 'committed': 37748, 'failed': 0}, 'wasTerminated': False, 'failedParams': {}, 'updateStatistics': {'relationshipsDeleted': 0, 'relationshipsCreated': 37748, 'nodesDeleted': 0, 'nodesCreated': 0, 'labelsRemoved': 0, 'labelsAdded': 0, 'propertiesSet': 0}}]
2025-06-19 16:12:46,973 - INFO - [MainThread] - Starting native relationship build for ':ORDER_USES_PAYMENT_OPTION' using APOC...
2025-06-19 16:12:48,393 - INFO - [MainThread] - APOC job for ':ORDER_USES_PAYMENT_OPTION' completed. Details: [{'batches': 12, 'total': 116521, 'timeTaken': 1, 'committedOperations': 116521, 'failedOperations': 0, 'failedBatches': 0, 'retries': 0, 'errorMessages': {}, 'batch': {'total': 12, 'errors': {}, 'committed': 12, 'failed': 0}, 'operations': {'total': 116521, 'errors': {}, 'committed': 116521, 'failed': 0}, 'wasTerminated': False, 'failedParams': {}, 'updateStatistics': {'relationshipsDeleted': 0, 'relationshipsCreated': 116521, 'nodesDeleted': 0, 'nodesCreated': 0, 'labelsRemoved': 0, 'labelsAdded': 0, 'propertiesSet': 0}}]
2025-06-19 16:12:48,393 - INFO - [MainThread] - Starting native relationship build for ':ORDER_CONTAINS_ITEM' using APOC...
2025-06-19 16:12:49,475 - INFO - [MainThread] - APOC job for ':ORDER_CONTAINS_ITEM' completed. Details: [{'batches': 7, 'total': 67158, 'timeTaken': 1, 'committedOperations': 67158, 'failedOperations': 0, 'failedBatches': 0, 'retries': 0, 'errorMessages': {}, 'batch': {'total': 7, 'errors': {}, 'committed': 7, 'failed': 0}, 'operations': {'total': 67158, 'errors': {}, 'committed': 67158, 'failed': 0}, 'wasTerminated': False, 'failedParams': {}, 'updateStatistics': {'relationshipsDeleted': 0, 'relationshipsCreated': 67158, 'nodesDeleted': 0, 'nodesCreated': 0, 'labelsRemoved': 0, 'labelsAdded': 0, 'propertiesSet': 0}}]
2025-06-19 16:12:49,475 - INFO - [MainThread] - Starting native relationship build for ':ITEM_IS_MENU' using APOC...
2025-06-19 16:12:50,456 - INFO - [MainThread] - APOC job for ':ITEM_IS_MENU' completed. Details: [{'batches': 7, 'total': 67158, 'timeTaken': 0, 'committedOperations': 67158, 'failedOperations': 0, 'failedBatches': 0, 'retries': 0, 'errorMessages': {}, 'batch': {'total': 7, 'errors': {}, 'committed': 7, 'failed': 0}, 'operations': {'total': 67158, 'errors': {}, 'committed': 67158, 'failed': 0}, 'wasTerminated': False, 'failedParams': {}, 'updateStatistics': {'relationshipsDeleted': 0, 'relationshipsCreated': 65514, 'nodesDeleted': 0, 'nodesCreated': 0, 'labelsRemoved': 0, 'labelsAdded': 0, 'propertiesSet': 0}}]
2025-06-19 16:12:50,457 - INFO - [MainThread] - Starting native relationship build for ':PAYMENT_BY_CUSTOMER' using APOC...
2025-06-19 16:12:51,288 - INFO - [MainThread] - APOC job for ':PAYMENT_BY_CUSTOMER' completed. Details: [{'batches': 4, 'total': 33614, 'timeTaken': 0, 'committedOperations': 33614, 'failedOperations': 0, 'failedBatches': 0, 'retries': 0, 'errorMessages': {}, 'batch': {'total': 4, 'errors': {}, 'committed': 4, 'failed': 0}, 'operations': {'total': 33614, 'errors': {}, 'committed': 33614, 'failed': 0}, 'wasTerminated': False, 'failedParams': {}, 'updateStatistics': {'relationshipsDeleted': 0, 'relationshipsCreated': 33610, 'nodesDeleted': 0, 'nodesCreated': 0, 'labelsRemoved': 0, 'labelsAdded': 0, 'propertiesSet': 0}}]
2025-06-19 16:12:51,288 - INFO - [MainThread] - Starting native relationship build for ':PAYMENT_AT_STORE' using APOC...
2025-06-19 16:12:51,821 - INFO - [MainThread] - APOC job for ':PAYMENT_AT_STORE' completed. Details: [{'batches': 3, 'total': 20242, 'timeTaken': 0, 'committedOperations': 20242, 'failedOperations': 0, 'failedBatches': 0, 'retries': 0, 'errorMessages': {}, 'batch': {'total': 3, 'errors': {}, 'committed': 3, 'failed': 0}, 'operations': {'total': 20242, 'errors': {}, 'committed': 20242, 'failed': 0}, 'wasTerminated': False, 'failedParams': {}, 'updateStatistics': {'relationshipsDeleted': 0, 'relationshipsCreated': 20242, 'nodesDeleted': 0, 'nodesCreated': 0, 'labelsRemoved': 0, 'labelsAdded': 0, 'propertiesSet': 0}}]
2025-06-19 16:12:51,822 - INFO - [MainThread] - Starting native relationship build for ':REFUND_FOR_ORDER' using APOC...
2025-06-19 16:12:51,979 - INFO - [MainThread] - APOC job for ':REFUND_FOR_ORDER' completed. Details: [{'batches': 1, 'total': 943, 'timeTaken': 0, 'committedOperations': 943, 'failedOperations': 0, 'failedBatches': 0, 'retries': 0, 'errorMessages': {}, 'batch': {'total': 1, 'errors': {}, 'committed': 1, 'failed': 0}, 'operations': {'total': 943, 'errors': {}, 'committed': 943, 'failed': 0}, 'wasTerminated': False, 'failedParams': {}, 'updateStatistics': {'relationshipsDeleted': 0, 'relationshipsCreated': 943, 'nodesDeleted': 0, 'nodesCreated': 0, 'labelsRemoved': 0, 'labelsAdded': 0, 'propertiesSet': 0}}]
2025-06-19 16:12:51,979 - INFO - [MainThread] - Starting native relationship build for ':REFUND_FOR_PAYMENT' using APOC...
2025-06-19 16:12:52,126 - INFO - [MainThread] - APOC job for ':REFUND_FOR_PAYMENT' completed. Details: [{'batches': 1, 'total': 917, 'timeTaken': 0, 'committedOperations': 917, 'failedOperations': 0, 'failedBatches': 0, 'retries': 0, 'errorMessages': {}, 'batch': {'total': 1, 'errors': {}, 'committed': 1, 'failed': 0}, 'operations': {'total': 917, 'errors': {}, 'committed': 917, 'failed': 0}, 'wasTerminated': False, 'failedParams': {}, 'updateStatistics': {'relationshipsDeleted': 0, 'relationshipsCreated': 917, 'nodesDeleted': 0, 'nodesCreated': 0, 'labelsRemoved': 0, 'labelsAdded': 0, 'propertiesSet': 0}}]
2025-06-19 16:12:52,126 - INFO - [MainThread] - Starting native relationship build for ':REFUND_AT_STORE' using APOC...
2025-06-19 16:12:52,207 - INFO - [MainThread] - APOC job for ':REFUND_AT_STORE' completed. Details: [{'batches': 1, 'total': 820, 'timeTaken': 0, 'committedOperations': 820, 'failedOperations': 0, 'failedBatches': 0, 'retries': 0, 'errorMessages': {}, 'batch': {'total': 1, 'errors': {}, 'committed': 1, 'failed': 0}, 'operations': {'total': 820, 'errors': {}, 'committed': 820, 'failed': 0}, 'wasTerminated': False, 'failedParams': {}, 'updateStatistics': {'relationshipsDeleted': 0, 'relationshipsCreated': 820, 'nodesDeleted': 0, 'nodesCreated': 0, 'labelsRemoved': 0, 'labelsAdded': 0, 'propertiesSet': 0}}]
2025-06-19 16:12:52,207 - INFO - [MainThread] - Starting native relationship build for ':REFUND_ITEM_PART_OF_REFUND' using APOC...
2025-06-19 16:12:52,345 - INFO - [MainThread] - APOC job for ':REFUND_ITEM_PART_OF_REFUND' completed. Details: [{'batches': 1, 'total': 1137, 'timeTaken': 0, 'committedOperations': 1137, 'failedOperations': 0, 'failedBatches': 0, 'retries': 0, 'errorMessages': {}, 'batch': {'total': 1, 'errors': {}, 'committed': 1, 'failed': 0}, 'operations': {'total': 1137, 'errors': {}, 'committed': 1137, 'failed': 0}, 'wasTerminated': False, 'failedParams': {}, 'updateStatistics': {'relationshipsDeleted': 0, 'relationshipsCreated': 1137, 'nodesDeleted': 0, 'nodesCreated': 0, 'labelsRemoved': 0, 'labelsAdded': 0, 'propertiesSet': 0}}]
2025-06-19 16:12:52,345 - INFO - [MainThread] - Starting native relationship build for ':REFUND_ITEM_REFERENCES_ORDER_ITEM' using APOC...
2025-06-19 16:12:52,497 - INFO - [MainThread] - APOC job for ':REFUND_ITEM_REFERENCES_ORDER_ITEM' completed. Details: [{'batches': 1, 'total': 1137, 'timeTaken': 0, 'committedOperations': 1137, 'failedOperations': 0, 'failedBatches': 0, 'retries': 0, 'errorMessages': {}, 'batch': {'total': 1, 'errors': {}, 'committed': 1, 'failed': 0}, 'operations': {'total': 1137, 'errors': {}, 'committed': 1137, 'failed': 0}, 'wasTerminated': False, 'failedParams': {}, 'updateStatistics': {'relationshipsDeleted': 0, 'relationshipsCreated': 1137, 'nodesDeleted': 0, 'nodesCreated': 0, 'labelsRemoved': 0, 'labelsAdded': 0, 'propertiesSet': 0}}]
2025-06-19 16:12:52,498 - INFO - [MainThread] - Starting native relationship build for ':MENU_IN_CATEGORY' using APOC...
2025-06-19 16:12:52,646 - INFO - [MainThread] - APOC job for ':MENU_IN_CATEGORY' completed. Details: [{'batches': 1, 'total': 2520, 'timeTaken': 0, 'committedOperations': 2520, 'failedOperations': 0, 'failedBatches': 0, 'retries': 0, 'errorMessages': {}, 'batch': {'total': 1, 'errors': {}, 'committed': 1, 'failed': 0}, 'operations': {'total': 2520, 'errors': {}, 'committed': 2520, 'failed': 0}, 'wasTerminated': False, 'failedParams': {}, 'updateStatistics': {'relationshipsDeleted': 0, 'relationshipsCreated': 2509, 'nodesDeleted': 0, 'nodesCreated': 0, 'labelsRemoved': 0, 'labelsAdded': 0, 'propertiesSet': 0}}]
2025-06-19 16:12:52,647 - INFO - [MainThread] - Starting native relationship build for ':CATEGORY_IN_STORE' using APOC...
2025-06-19 16:12:52,775 - INFO - [MainThread] - APOC job for ':CATEGORY_IN_STORE' completed. Details: [{'batches': 1, 'total': 397, 'timeTaken': 0, 'committedOperations': 397, 'failedOperations': 0, 'failedBatches': 0, 'retries': 0, 'errorMessages': {}, 'batch': {'total': 1, 'errors': {}, 'committed': 1, 'failed': 0}, 'operations': {'total': 397, 'errors': {}, 'committed': 397, 'failed': 0}, 'wasTerminated': False, 'failedParams': {}, 'updateStatistics': {'relationshipsDeleted': 0, 'relationshipsCreated': 397, 'nodesDeleted': 0, 'nodesCreated': 0, 'labelsRemoved': 0, 'labelsAdded': 0, 'propertiesSet': 0}}]
2025-06-19 16:12:52,776 - INFO - [MainThread] - Starting native relationship build for ':MENU_HAS_OPTION' using APOC...
2025-06-19 16:12:53,013 - INFO - [MainThread] - APOC job for ':MENU_HAS_OPTION' completed. Details: [{'batches': 1, 'total': 964, 'timeTaken': 0, 'committedOperations': 964, 'failedOperations': 0, 'failedBatches': 0, 'retries': 0, 'errorMessages': {}, 'batch': {'total': 1, 'errors': {}, 'committed': 1, 'failed': 0}, 'operations': {'total': 964, 'errors': {}, 'committed': 964, 'failed': 0}, 'wasTerminated': False, 'failedParams': {}, 'updateStatistics': {'relationshipsDeleted': 0, 'relationshipsCreated': 790, 'nodesDeleted': 0, 'nodesCreated': 0, 'labelsRemoved': 0, 'labelsAdded': 0, 'propertiesSet': 0}}]
2025-06-19 16:12:53,013 - INFO - [MainThread] - Starting native relationship build for ':OPTION_HAS_CHOICE' using APOC...
2025-06-19 16:12:53,178 - INFO - [MainThread] - APOC job for ':OPTION_HAS_CHOICE' completed. Details: [{'batches': 1, 'total': 1148, 'timeTaken': 0, 'committedOperations': 1148, 'failedOperations': 0, 'failedBatches': 0, 'retries': 0, 'errorMessages': {}, 'batch': {'total': 1, 'errors': {}, 'committed': 1, 'failed': 0}, 'operations': {'total': 1148, 'errors': {}, 'committed': 1148, 'failed': 0}, 'wasTerminated': False, 'failedParams': {}, 'updateStatistics': {'relationshipsDeleted': 0, 'relationshipsCreated': 876, 'nodesDeleted': 0, 'nodesCreated': 0, 'labelsRemoved': 0, 'labelsAdded': 0, 'propertiesSet': 0}}]
2025-06-19 16:12:53,178 - INFO - [MainThread] - Starting native relationship build for ':OPTION_BELONGS_TO_STORE' using APOC...
2025-06-19 16:12:53,262 - INFO - [MainThread] - APOC job for ':OPTION_BELONGS_TO_STORE' completed. Details: [{'batches': 1, 'total': 389, 'timeTaken': 0, 'committedOperations': 389, 'failedOperations': 0, 'failedBatches': 0, 'retries': 0, 'errorMessages': {}, 'batch': {'total': 1, 'errors': {}, 'committed': 1, 'failed': 0}, 'operations': {'total': 389, 'errors': {}, 'committed': 389, 'failed': 0}, 'wasTerminated': False, 'failedParams': {}, 'updateStatistics': {'relationshipsDeleted': 0, 'relationshipsCreated': 389, 'nodesDeleted': 0, 'nodesCreated': 0, 'labelsRemoved': 0, 'labelsAdded': 0, 'propertiesSet': 0}}]
2025-06-19 16:12:53,262 - INFO - [MainThread] - Starting native relationship build for ':CHOICE_BELONGS_TO_STORE' using APOC...
2025-06-19 16:12:53,362 - INFO - [MainThread] - APOC job for ':CHOICE_BELONGS_TO_STORE' completed. Details: [{'batches': 1, 'total': 881, 'timeTaken': 0, 'committedOperations': 881, 'failedOperations': 0, 'failedBatches': 0, 'retries': 0, 'errorMessages': {}, 'batch': {'total': 1, 'errors': {}, 'committed': 1, 'failed': 0}, 'operations': {'total': 881, 'errors': {}, 'committed': 881, 'failed': 0}, 'wasTerminated': False, 'failedParams': {}, 'updateStatistics': {'relationshipsDeleted': 0, 'relationshipsCreated': 881, 'nodesDeleted': 0, 'nodesCreated': 0, 'labelsRemoved': 0, 'labelsAdded': 0, 'propertiesSet': 0}}]
2025-06-19 16:12:53,362 - INFO - [MainThread] - Starting native relationship build for ':MENU_REQUIRES_INVENTORY' using APOC...
2025-06-19 16:12:53,495 - INFO - [MainThread] - APOC job for ':MENU_REQUIRES_INVENTORY' completed. Details: [{'batches': 1, 'total': 58, 'timeTaken': 0, 'committedOperations': 58, 'failedOperations': 0, 'failedBatches': 0, 'retries': 0, 'errorMessages': {}, 'batch': {'total': 1, 'errors': {}, 'committed': 1, 'failed': 0}, 'operations': {'total': 58, 'errors': {}, 'committed': 58, 'failed': 0}, 'wasTerminated': False, 'failedParams': {}, 'updateStatistics': {'relationshipsDeleted': 0, 'relationshipsCreated': 58, 'nodesDeleted': 0, 'nodesCreated': 0, 'labelsRemoved': 0, 'labelsAdded': 0, 'propertiesSet': 0}}]
2025-06-19 16:12:53,495 - INFO - [MainThread] - Starting native relationship build for ':INVENTORY_ITEM_IN_STORE' using APOC...
2025-06-19 16:12:53,620 - INFO - [MainThread] - APOC job for ':INVENTORY_ITEM_IN_STORE' completed. Details: [{'batches': 1, 'total': 57, 'timeTaken': 0, 'committedOperations': 57, 'failedOperations': 0, 'failedBatches': 0, 'retries': 0, 'errorMessages': {}, 'batch': {'total': 1, 'errors': {}, 'committed': 1, 'failed': 0}, 'operations': {'total': 57, 'errors': {}, 'committed': 57, 'failed': 0}, 'wasTerminated': False, 'failedParams': {}, 'updateStatistics': {'relationshipsDeleted': 0, 'relationshipsCreated': 57, 'nodesDeleted': 0, 'nodesCreated': 0, 'labelsRemoved': 0, 'labelsAdded': 0, 'propertiesSet': 0}}]
2025-06-19 16:12:53,621 - INFO - [MainThread] - Starting native relationship build for ':TRANSACTION_FOR_INVENTORY' using APOC...
2025-06-19 16:12:53,833 - INFO - [MainThread] - APOC job for ':TRANSACTION_FOR_INVENTORY' completed. Details: [{'batches': 1, 'total': 186, 'timeTaken': 0, 'committedOperations': 186, 'failedOperations': 0, 'failedBatches': 0, 'retries': 0, 'errorMessages': {}, 'batch': {'total': 1, 'errors': {}, 'committed': 1, 'failed': 0}, 'operations': {'total': 186, 'errors': {}, 'committed': 186, 'failed': 0}, 'wasTerminated': False, 'failedParams': {}, 'updateStatistics': {'relationshipsDeleted': 0, 'relationshipsCreated': 177, 'nodesDeleted': 0, 'nodesCreated': 0, 'labelsRemoved': 0, 'labelsAdded': 0, 'propertiesSet': 0}}]
2025-06-19 16:12:53,834 - INFO - [MainThread] - Starting native relationship build for ':STORE_IN_FOOD_COURT' using APOC...
2025-06-19 16:12:53,965 - INFO - [MainThread] - APOC job for ':STORE_IN_FOOD_COURT' completed. Details: [{'batches': 1, 'total': 57, 'timeTaken': 0, 'committedOperations': 57, 'failedOperations': 0, 'failedBatches': 0, 'retries': 0, 'errorMessages': {}, 'batch': {'total': 1, 'errors': {}, 'committed': 1, 'failed': 0}, 'operations': {'total': 57, 'errors': {}, 'committed': 57, 'failed': 0}, 'wasTerminated': False, 'failedParams': {}, 'updateStatistics': {'relationshipsDeleted': 0, 'relationshipsCreated': 57, 'nodesDeleted': 0, 'nodesCreated': 0, 'labelsRemoved': 0, 'labelsAdded': 0, 'propertiesSet': 0}}]
2025-06-19 16:12:53,965 - INFO - [MainThread] - Starting native relationship build for ':STORE_HAS_ATTRIBUTE' using APOC...
2025-06-19 16:12:54,132 - INFO - [MainThread] - APOC job for ':STORE_HAS_ATTRIBUTE' completed. Details: [{'batches': 1, 'total': 1453, 'timeTaken': 0, 'committedOperations': 1453, 'failedOperations': 0, 'failedBatches': 0, 'retries': 0, 'errorMessages': {}, 'batch': {'total': 1, 'errors': {}, 'committed': 1, 'failed': 0}, 'operations': {'total': 1453, 'errors': {}, 'committed': 1453, 'failed': 0}, 'wasTerminated': False, 'failedParams': {}, 'updateStatistics': {'relationshipsDeleted': 0, 'relationshipsCreated': 1453, 'nodesDeleted': 0, 'nodesCreated': 0, 'labelsRemoved': 0, 'labelsAdded': 0, 'propertiesSet': 0}}]
2025-06-19 16:12:54,133 - INFO - [MainThread] - Starting native relationship build for ':ADVERT_FOR_STORE' using APOC...
2025-06-19 16:12:54,268 - INFO - [MainThread] - APOC job for ':ADVERT_FOR_STORE' completed. Details: [{'batches': 1, 'total': 1, 'timeTaken': 0, 'committedOperations': 1, 'failedOperations': 0, 'failedBatches': 0, 'retries': 0, 'errorMessages': {}, 'batch': {'total': 1, 'errors': {}, 'committed': 1, 'failed': 0}, 'operations': {'total': 1, 'errors': {}, 'committed': 1, 'failed': 0}, 'wasTerminated': False, 'failedParams': {}, 'updateStatistics': {'relationshipsDeleted': 0, 'relationshipsCreated': 1, 'nodesDeleted': 0, 'nodesCreated': 0, 'labelsRemoved': 0, 'labelsAdded': 0, 'propertiesSet': 0}}]
2025-06-19 16:12:54,268 - INFO - [MainThread] - Starting native relationship build for ':INSIGHT_FOR_ADVERT' using APOC...
2025-06-19 16:12:54,404 - INFO - [MainThread] - APOC job for ':INSIGHT_FOR_ADVERT' completed. Details: [{'batches': 1, 'total': 53, 'timeTaken': 0, 'committedOperations': 53, 'failedOperations': 0, 'failedBatches': 0, 'retries': 0, 'errorMessages': {}, 'batch': {'total': 1, 'errors': {}, 'committed': 1, 'failed': 0}, 'operations': {'total': 53, 'errors': {}, 'committed': 53, 'failed': 0}, 'wasTerminated': False, 'failedParams': {}, 'updateStatistics': {'relationshipsDeleted': 0, 'relationshipsCreated': 53, 'nodesDeleted': 0, 'nodesCreated': 0, 'labelsRemoved': 0, 'labelsAdded': 0, 'propertiesSet': 0}}]
2025-06-19 16:12:54,405 - INFO - [MainThread] - Starting native relationship build for ':COUPON_FOR_STORE' using APOC...
2025-06-19 16:12:54,525 - INFO - [MainThread] - APOC job for ':COUPON_FOR_STORE' completed. Details: [{'batches': 1, 'total': 120, 'timeTaken': 0, 'committedOperations': 120, 'failedOperations': 0, 'failedBatches': 0, 'retries': 0, 'errorMessages': {}, 'batch': {'total': 1, 'errors': {}, 'committed': 1, 'failed': 0}, 'operations': {'total': 120, 'errors': {}, 'committed': 120, 'failed': 0}, 'wasTerminated': False, 'failedParams': {}, 'updateStatistics': {'relationshipsDeleted': 0, 'relationshipsCreated': 120, 'nodesDeleted': 0, 'nodesCreated': 0, 'labelsRemoved': 0, 'labelsAdded': 0, 'propertiesSet': 0}}]
2025-06-19 16:12:54,526 - INFO - [MainThread] - Starting native relationship build for ':USAGE_OF_COUPON' using APOC...
2025-06-19 16:12:54,747 - INFO - [MainThread] - APOC job for ':USAGE_OF_COUPON' completed. Details: [{'batches': 1, 'total': 8486, 'timeTaken': 0, 'committedOperations': 8486, 'failedOperations': 0, 'failedBatches': 0, 'retries': 0, 'errorMessages': {}, 'batch': {'total': 1, 'errors': {}, 'committed': 1, 'failed': 0}, 'operations': {'total': 8486, 'errors': {}, 'committed': 8486, 'failed': 0}, 'wasTerminated': False, 'failedParams': {}, 'updateStatistics': {'relationshipsDeleted': 0, 'relationshipsCreated': 8486, 'nodesDeleted': 0, 'nodesCreated': 0, 'labelsRemoved': 0, 'labelsAdded': 0, 'propertiesSet': 0}}]
2025-06-19 16:12:54,747 - INFO - [MainThread] - Starting native relationship build for ':USAGE_BY_CUSTOMER' using APOC...
2025-06-19 16:12:55,010 - INFO - [MainThread] - APOC job for ':USAGE_BY_CUSTOMER' completed. Details: [{'batches': 1, 'total': 8486, 'timeTaken': 0, 'committedOperations': 8486, 'failedOperations': 0, 'failedBatches': 0, 'retries': 0, 'errorMessages': {}, 'batch': {'total': 1, 'errors': {}, 'committed': 1, 'failed': 0}, 'operations': {'total': 8486, 'errors': {}, 'committed': 8486, 'failed': 0}, 'wasTerminated': False, 'failedParams': {}, 'updateStatistics': {'relationshipsDeleted': 0, 'relationshipsCreated': 8481, 'nodesDeleted': 0, 'nodesCreated': 0, 'labelsRemoved': 0, 'labelsAdded': 0, 'propertiesSet': 0}}]
2025-06-19 16:12:55,010 - INFO - [MainThread] - Starting native relationship build for ':USAGE_ON_ORDER' using APOC...
2025-06-19 16:12:55,213 - INFO - [MainThread] - APOC job for ':USAGE_ON_ORDER' completed. Details: [{'batches': 1, 'total': 3201, 'timeTaken': 0, 'committedOperations': 3201, 'failedOperations': 0, 'failedBatches': 0, 'retries': 0, 'errorMessages': {}, 'batch': {'total': 1, 'errors': {}, 'committed': 1, 'failed': 0}, 'operations': {'total': 3201, 'errors': {}, 'committed': 3201, 'failed': 0}, 'wasTerminated': False, 'failedParams': {}, 'updateStatistics': {'relationshipsDeleted': 0, 'relationshipsCreated': 3201, 'nodesDeleted': 0, 'nodesCreated': 0, 'labelsRemoved': 0, 'labelsAdded': 0, 'propertiesSet': 0}}]
2025-06-19 16:12:55,214 - INFO - [MainThread] - Starting native relationship build for ':GROUPED_TEXT_HAS_ORIGINAL_LOCALE' using APOC...
2025-06-19 16:12:55,374 - INFO - [MainThread] - APOC job for ':GROUPED_TEXT_HAS_ORIGINAL_LOCALE' completed. Details: [{'batches': 1, 'total': 958, 'timeTaken': 0, 'committedOperations': 958, 'failedOperations': 0, 'failedBatches': 0, 'retries': 0, 'errorMessages': {}, 'batch': {'total': 1, 'errors': {}, 'committed': 1, 'failed': 0}, 'operations': {'total': 958, 'errors': {}, 'committed': 958, 'failed': 0}, 'wasTerminated': False, 'failedParams': {}, 'updateStatistics': {'relationshipsDeleted': 0, 'relationshipsCreated': 958, 'nodesDeleted': 0, 'nodesCreated': 0, 'labelsRemoved': 0, 'labelsAdded': 0, 'propertiesSet': 0}}]
2025-06-19 16:12:55,375 - INFO - [MainThread] - Starting native relationship build for ':TRANSLATION_OF_GROUPED_TEXT' using APOC...
2025-06-19 16:12:55,535 - INFO - [MainThread] - APOC job for ':TRANSLATION_OF_GROUPED_TEXT' completed. Details: [{'batches': 1, 'total': 1917, 'timeTaken': 0, 'committedOperations': 1917, 'failedOperations': 0, 'failedBatches': 0, 'retries': 0, 'errorMessages': {}, 'batch': {'total': 1, 'errors': {}, 'committed': 1, 'failed': 0}, 'operations': {'total': 1917, 'errors': {}, 'committed': 1917, 'failed': 0}, 'wasTerminated': False, 'failedParams': {}, 'updateStatistics': {'relationshipsDeleted': 0, 'relationshipsCreated': 1823, 'nodesDeleted': 0, 'nodesCreated': 0, 'labelsRemoved': 0, 'labelsAdded': 0, 'propertiesSet': 0}}]
2025-06-19 16:12:55,536 - INFO - [MainThread] - Starting native relationship build for ':TRANSLATION_IN_LOCALE' using APOC...
2025-06-19 16:12:55,671 - INFO - [MainThread] - APOC job for ':TRANSLATION_IN_LOCALE' completed. Details: [{'batches': 1, 'total': 1917, 'timeTaken': 0, 'committedOperations': 1917, 'failedOperations': 0, 'failedBatches': 0, 'retries': 0, 'errorMessages': {}, 'batch': {'total': 1, 'errors': {}, 'committed': 1, 'failed': 0}, 'operations': {'total': 1917, 'errors': {}, 'committed': 1917, 'failed': 0}, 'wasTerminated': False, 'failedParams': {}, 'updateStatistics': {'relationshipsDeleted': 0, 'relationshipsCreated': 1917, 'nodesDeleted': 0, 'nodesCreated': 0, 'labelsRemoved': 0, 'labelsAdded': 0, 'propertiesSet': 0}}]
2025-06-19 16:12:55,672 - INFO - [MainThread] - Starting native relationship build for ':CATEGORY_HAS_GROUPED_TEXT' using APOC...
2025-06-19 16:12:55,788 - INFO - [MainThread] - APOC job for ':CATEGORY_HAS_GROUPED_TEXT' completed. Details: [{'batches': 1, 'total': 68, 'timeTaken': 0, 'committedOperations': 68, 'failedOperations': 0, 'failedBatches': 0, 'retries': 0, 'errorMessages': {}, 'batch': {'total': 1, 'errors': {}, 'committed': 1, 'failed': 0}, 'operations': {'total': 68, 'errors': {}, 'committed': 68, 'failed': 0}, 'wasTerminated': False, 'failedParams': {}, 'updateStatistics': {'relationshipsDeleted': 0, 'relationshipsCreated': 68, 'nodesDeleted': 0, 'nodesCreated': 0, 'labelsRemoved': 0, 'labelsAdded': 0, 'propertiesSet': 0}}]
2025-06-19 16:12:55,788 - INFO - [MainThread] - Starting native relationship build for ':MENU_HAS_GROUPED_TEXT' using APOC...
2025-06-19 16:12:55,903 - INFO - [MainThread] - APOC job for ':MENU_HAS_GROUPED_TEXT' completed. Details: [{'batches': 1, 'total': 491, 'timeTaken': 0, 'committedOperations': 491, 'failedOperations': 0, 'failedBatches': 0, 'retries': 0, 'errorMessages': {}, 'batch': {'total': 1, 'errors': {}, 'committed': 1, 'failed': 0}, 'operations': {'total': 491, 'errors': {}, 'committed': 491, 'failed': 0}, 'wasTerminated': False, 'failedParams': {}, 'updateStatistics': {'relationshipsDeleted': 0, 'relationshipsCreated': 450, 'nodesDeleted': 0, 'nodesCreated': 0, 'labelsRemoved': 0, 'labelsAdded': 0, 'propertiesSet': 0}}]
2025-06-19 16:12:55,904 - INFO - [MainThread] - Starting native relationship build for ':MENU_OPTION_HAS_GROUPED_TEXT' using APOC...
2025-06-19 16:12:55,956 - INFO - [MainThread] - APOC job for ':MENU_OPTION_HAS_GROUPED_TEXT' completed. Details: [{'batches': 1, 'total': 47, 'timeTaken': 0, 'committedOperations': 47, 'failedOperations': 0, 'failedBatches': 0, 'retries': 0, 'errorMessages': {}, 'batch': {'total': 1, 'errors': {}, 'committed': 1, 'failed': 0}, 'operations': {'total': 47, 'errors': {}, 'committed': 47, 'failed': 0}, 'wasTerminated': False, 'failedParams': {}, 'updateStatistics': {'relationshipsDeleted': 0, 'relationshipsCreated': 46, 'nodesDeleted': 0, 'nodesCreated': 0, 'labelsRemoved': 0, 'labelsAdded': 0, 'propertiesSet': 0}}]
2025-06-19 16:12:55,956 - INFO - [MainThread] - Starting native relationship build for ':MENU_OPTION_CHOICE_HAS_GROUPED_TEXT' using APOC...
2025-06-19 16:12:56,017 - INFO - [MainThread] - APOC job for ':MENU_OPTION_CHOICE_HAS_GROUPED_TEXT' completed. Details: [{'batches': 1, 'total': 117, 'timeTaken': 0, 'committedOperations': 117, 'failedOperations': 0, 'failedBatches': 0, 'retries': 0, 'errorMessages': {}, 'batch': {'total': 1, 'errors': {}, 'committed': 1, 'failed': 0}, 'operations': {'total': 117, 'errors': {}, 'committed': 117, 'failed': 0}, 'wasTerminated': False, 'failedParams': {}, 'updateStatistics': {'relationshipsDeleted': 0, 'relationshipsCreated': 117, 'nodesDeleted': 0, 'nodesCreated': 0, 'labelsRemoved': 0, 'labelsAdded': 0, 'propertiesSet': 0}}]
2025-06-19 16:12:56,017 - INFO - [MainThread] - --- Migration process completed successfully! ---
2025-06-19 16:12:56,017 - INFO - [MainThread] - Closing Neo4j driver.
